2026-09-23 12:47:47.211: [INFO] CurrentProfilePath: D:\Chintan_wok\29Sept_2026_java\.metadata\.plugins\org.eclipse.swt\EBWebView\Default
2026-09-23 12:47:47.211: [INFO] Profiles total count: 1
2026-09-23 12:47:47.211: [INFO] Profile: name=Profile 1 path=D:\Chintan_wok\29Sept_2026_java\.metadata\.plugins\org.eclipse.swt\EBWebView\Default lastActive=null
2026-09-23 12:47:47.211: [INFO] LastUsedProfileDir: D:\Chintan_wok\29Sept_2026_java\.metadata\.plugins\org.eclipse.swt\EBWebView\Default
2026-09-23 12:47:47.211: [INFO] OnDoneLoading sync enabled: 0
2026-09-23 12:47:47.211: [INFO] BookmarkModelLoaded, ids_reassigned: 0
2026-09-23 12:47:47.211: [INFO] BookmarksLoadDropped droppedNodes=0
2026-09-23 12:47:47.211: [INFO] BookmarksSnapshot Startup total=0 bar=0 other=0 mobile=0 showBar=0 showBarNTP=1
2026-09-23 12:47:53.953: [INFO] BookmarksSnapshot Shutdown total=0 bar=0 other=0 mobile=0 showBar=0 showBarNTP=1
2026-09-23 12:50:27.473: [INFO] CurrentProfilePath: D:\Chintan_wok\29Sept_2026_java\.metadata\.plugins\org.eclipse.swt\EBWebView\Default
2026-09-23 12:50:27.473: [INFO] Profiles total count: 1
2026-09-23 12:50:27.474: [INFO] Profile: name=Profile 1 path=D:\Chintan_wok\29Sept_2026_java\.metadata\.plugins\org.eclipse.swt\EBWebView\Default lastActive=2026-09-23T12:47:48.073Z
2026-09-23 12:50:27.474: [INFO] LastUsedProfileDir: D:\Chintan_wok\29Sept_2026_java\.metadata\.plugins\org.eclipse.swt\EBWebView\Default
2026-09-23 12:50:27.474: [INFO] MostRecentlyActiveProfile: name=Profile 1 path=D:\Chintan_wok\29Sept_2026_java\.metadata\.plugins\org.eclipse.swt\EBWebView\Default lastActive=2026-09-23T12:47:48.073Z
2026-09-23 12:50:27.474: [INFO] OnDoneLoading sync enabled: 0
2026-09-23 12:50:27.474: [INFO] BookmarkModelLoaded, ids_reassigned: 0
2026-09-23 12:50:27.474: [INFO] BookmarksLoadDropped droppedNodes=0
2026-09-23 12:50:27.474: [INFO] BookmarksSnapshot Startup total=0 bar=0 other=0 mobile=0 showBar=0 showBarNTP=1
2026-09-23 12:50:28.514: [INFO] BookmarksSnapshot Shutdown total=0 bar=0 other=0 mobile=0 showBar=0 showBarNTP=1
2026-09-28 12:21:26.841: [INFO] CurrentProfilePath: D:\Chintan_wok\29Sept_2026_java\.metadata\.plugins\org.eclipse.swt\EBWebView\Default
2026-09-28 12:21:26.841: [INFO] Profiles total count: 1
2026-09-28 12:21:26.841: [INFO] Profile: name=Profile 1 path=D:\Chintan_wok\29Sept_2026_java\.metadata\.plugins\org.eclipse.swt\EBWebView\Default lastActive=2026-09-23T12:47:48.073Z
2026-09-28 12:21:26.841: [INFO] LastUsedProfileDir: D:\Chintan_wok\29Sept_2026_java\.metadata\.plugins\org.eclipse.swt\EBWebView\Default
2026-09-28 12:21:26.841: [INFO] MostRecentlyActiveProfile: name=Profile 1 path=D:\Chintan_wok\29Sept_2026_java\.metadata\.plugins\org.eclipse.swt\EBWebView\Default lastActive=2026-09-23T12:47:48.073Z
2026-09-28 12:21:26.841: [INFO] OnDoneLoading sync enabled: 0
2026-09-28 12:21:26.841: [INFO] BookmarkModelLoaded, ids_reassigned: 0
2026-09-28 12:21:26.841: [INFO] BookmarksLoadDropped droppedNodes=0
2026-09-28 12:21:26.841: [INFO] BookmarksSnapshot Startup total=0 bar=0 other=0 mobile=0 showBar=0 showBarNTP=1
2026-09-28 12:36:32.022: [INFO] BookmarksSnapshot Shutdown total=0 bar=0 other=0 mobile=0 showBar=0 showBarNTP=1
2026-09-28 12:40:46.222: [INFO] CurrentProfilePath: D:\Chintan_wok\29Sept_2026_java\.metadata\.plugins\org.eclipse.swt\EBWebView\Default
2026-09-28 12:40:46.222: [INFO] Profiles total count: 1
2026-09-28 12:40:46.222: [INFO] Profile: name=Profile 1 path=D:\Chintan_wok\29Sept_2026_java\.metadata\.plugins\org.eclipse.swt\EBWebView\Default lastActive=2026-09-23T12:47:48.073Z
2026-09-28 12:40:46.222: [INFO] LastUsedProfileDir: D:\Chintan_wok\29Sept_2026_java\.metadata\.plugins\org.eclipse.swt\EBWebView\Default
2026-09-28 12:40:46.222: [INFO] MostRecentlyActiveProfile: name=Profile 1 path=D:\Chintan_wok\29Sept_2026_java\.metadata\.plugins\org.eclipse.swt\EBWebView\Default lastActive=2026-09-23T12:47:48.073Z
2026-09-28 12:40:46.222: [INFO] OnDoneLoading sync enabled: 0
2026-09-28 12:40:46.222: [INFO] BookmarkModelLoaded, ids_reassigned: 0
2026-09-28 12:40:46.222: [INFO] BookmarksLoadDropped droppedNodes=0
2026-09-28 12:40:46.222: [INFO] BookmarksSnapshot Startup total=0 bar=0 other=0 mobile=0 showBar=0 showBarNTP=1
2026-09-28 12:40:52.450: [INFO] BookmarksSnapshot Shutdown total=0 bar=0 other=0 mobile=0 showBar=0 showBarNTP=1
